?   	github.com/gitagenthq/git-agent	[no test files]
=== RUN   TestAddService_Add_specificPaths
--- PASS: TestAddService_Add_specificPaths (0.00s)
=== RUN   TestAddService_Add_dot
--- PASS: TestAddService_Add_dot (0.00s)
=== RUN   TestCommitService_ByteCapAppliedBeforeGenerate
--- PASS: TestCommitService_ByteCapAppliedBeforeGenerate (0.00s)
=== RUN   TestCommitService_AmendByteCap_MultibyteContent
--- PASS: TestCommitService_AmendByteCap_MultibyteContent (0.00s)
=== RUN   TestCommitService_GeneratesAndCommits
--- PASS: TestCommitService_GeneratesAndCommits (0.00s)
=== RUN   TestCommitService_DryRun
--- PASS: TestCommitService_DryRun (0.00s)
=== RUN   TestCommitService_CoAuthor
--- PASS: TestCommitService_CoAuthor (0.00s)
=== RUN   TestCommitService_MixedTrailers
--- PASS: TestCommitService_MixedTrailers (0.00s)
=== RUN   TestCommitService_HookBlocks
--- PASS: TestCommitService_HookBlocks (0.00s)
=== RUN   TestCommitService_MultiCommit_StagedAndUnstaged
--- PASS: TestCommitService_MultiCommit_StagedAndUnstaged (0.00s)
=== RUN   TestCommitService_AllChangedFiles_PropagatesError
--- PASS: TestCommitService_AllChangedFiles_PropagatesError (0.00s)
=== RUN   TestCommitService_AllPreStaged_UnstagedEmpty
--- PASS: TestCommitService_AllPreStaged_UnstagedEmpty (0.00s)
=== RUN   TestCommitService_StagedUnstagedAndUntracked
--- PASS: TestCommitService_StagedUnstagedAndUntracked (0.00s)
=== RUN   TestCommitService_AllChangedFiles_ListsUntracked
--- PASS: TestCommitService_AllChangedFiles_ListsUntracked (0.00s)
=== RUN   TestCommitService_StagesFilesPerGroup
--- PASS: TestCommitService_StagesFilesPerGroup (0.00s)
=== RUN   TestCommitService_NoStage_UsesExistingStaging
--- PASS: TestCommitService_NoStage_UsesExistingStaging (0.00s)
=== RUN   TestCommitService_NoStage_NothingStaged_ReturnsError
--- PASS: TestCommitService_NoStage_NothingStaged_ReturnsError (0.00s)
=== RUN   TestCommitService_Amend_CallsAmendCommit
--- PASS: TestCommitService_Amend_CallsAmendCommit (0.00s)
=== RUN   TestCommitService_CapCommitGroups
--- PASS: TestCommitService_CapCommitGroups (0.00s)
=== RUN   TestCommitService_Amend_NoPreviousCommit_ReturnsError
--- PASS: TestCommitService_Amend_NoPreviousCommit_ReturnsError (0.00s)
=== RUN   TestCommitService_HookRetry_SendsPreviousMessage
--- PASS: TestCommitService_HookRetry_SendsPreviousMessage (0.00s)
=== RUN   TestCommitService_SkipsGroupWithEmptyDiff
--- PASS: TestCommitService_SkipsGroupWithEmptyDiff (0.00s)
=== RUN   TestCommitService_AlwaysOnPhaseLines
=== RUN   TestCommitService_AlwaysOnPhaseLines/non_nil_writer_emits_phase_lines
=== RUN   TestCommitService_AlwaysOnPhaseLines/nil_writer_emits_nothing
--- PASS: TestCommitService_AlwaysOnPhaseLines (0.00s)
    --- PASS: TestCommitService_AlwaysOnPhaseLines/non_nil_writer_emits_phase_lines (0.00s)
    --- PASS: TestCommitService_AlwaysOnPhaseLines/nil_writer_emits_nothing (0.00s)
=== RUN   TestCommitService_PhaseLinesNoSecretLeakage
--- PASS: TestCommitService_PhaseLinesNoSecretLeakage (0.00s)
=== RUN   TestCommitService_VerboseIsSuperset
--- PASS: TestCommitService_VerboseIsSuperset (0.00s)
=== RUN   TestCommitService_RestagesOnCommitError
--- PASS: TestCommitService_RestagesOnCommitError (0.00s)
=== RUN   TestCommitService_SynopsisFallbackOneFile
--- PASS: TestCommitService_SynopsisFallbackOneFile (0.00s)
=== RUN   TestCommitService_TruncatorPathMultiFile
--- PASS: TestCommitService_TruncatorPathMultiFile (0.00s)
=== RUN   TestCommitService_HeuristicFallback_OptIn
=== RUN   TestCommitService_HeuristicFallback_OptIn/explicit_heuristic
=== RUN   TestCommitService_HeuristicFallback_OptIn/default_empty
=== RUN   TestCommitService_HeuristicFallback_OptIn/explicit_auto
--- PASS: TestCommitService_HeuristicFallback_OptIn (0.00s)
    --- PASS: TestCommitService_HeuristicFallback_OptIn/explicit_heuristic (0.00s)
    --- PASS: TestCommitService_HeuristicFallback_OptIn/default_empty (0.00s)
    --- PASS: TestCommitService_HeuristicFallback_OptIn/explicit_auto (0.00s)
=== RUN   TestCommitService_HeuristicFallback_OptOut
--- PASS: TestCommitService_HeuristicFallback_OptOut (0.00s)
=== RUN   TestCommitService_AutoFallbackOnTimeout
--- PASS: TestCommitService_AutoFallbackOnTimeout (0.00s)
=== RUN   TestCommitService_TimeoutPropagatesWhenOptedOut
--- PASS: TestCommitService_TimeoutPropagatesWhenOptedOut (0.00s)
=== RUN   TestCommitService_NoStagedChanges
--- PASS: TestCommitService_NoStagedChanges (0.00s)
=== RUN   TestCommitService_PlannerReturnsEmptyPlan
--- PASS: TestCommitService_PlannerReturnsEmptyPlan (0.00s)
=== RUN   TestCommitService_LLMError
--- PASS: TestCommitService_LLMError (0.00s)
=== RUN   TestCommitService_GitCommitError
--- PASS: TestCommitService_GitCommitError (0.00s)
=== RUN   TestGitignoreService_Generate_CreatesFile
--- PASS: TestGitignoreService_Generate_CreatesFile (0.00s)
=== RUN   TestGitignoreService_Generate_UniqueRulesUnderCustomSection
--- PASS: TestGitignoreService_Generate_UniqueRulesUnderCustomSection (0.00s)
=== RUN   TestGitignoreService_Generate_PreservesRulesFromPreviousBlock
--- PASS: TestGitignoreService_Generate_PreservesRulesFromPreviousBlock (0.00s)
=== RUN   TestGitignoreService_Generate_PreservesCustomRulesOnRegen
--- PASS: TestGitignoreService_Generate_PreservesCustomRulesOnRegen (0.00s)
=== RUN   TestGitignoreService_Generate_IdempotentCustomSection
--- PASS: TestGitignoreService_Generate_IdempotentCustomSection (0.00s)
=== RUN   TestGitignoreService_Generate_WritesToCorrectPath
--- PASS: TestGitignoreService_Generate_WritesToCorrectPath (0.00s)
=== RUN   TestDirectoryBucketer_GroupsByTopLevelDir
--- PASS: TestDirectoryBucketer_GroupsByTopLevelDir (0.00s)
=== RUN   TestInitService_WritesProjectYML
--- PASS: TestInitService_WritesProjectYML (0.00s)
=== RUN   TestInitService_MergesExistingScopes
--- PASS: TestInitService_MergesExistingScopes (0.00s)
=== RUN   TestInitService_NotGitRepo
--- PASS: TestInitService_NotGitRepo (0.00s)
=== RUN   TestScopeService_Generate
--- PASS: TestScopeService_Generate (0.00s)
=== RUN   TestScopeService_Generate_LLMError
--- PASS: TestScopeService_Generate_LLMError (0.00s)
=== RUN   TestScopeService_MergeAndSave_CreatesFile
--- PASS: TestScopeService_MergeAndSave_CreatesFile (0.00s)
=== RUN   TestScopeService_MergeAndSave_DeduplicatesScopes
--- PASS: TestScopeService_MergeAndSave_DeduplicatesScopes (0.00s)
=== RUN   TestScopeService_MergeAndSave_CaseInsensitiveDedupe
--- PASS: TestScopeService_MergeAndSave_CaseInsensitiveDedupe (0.00s)
=== RUN   TestCommitService_Verbose_WritesDebugToLogWriter
--- PASS: TestCommitService_Verbose_WritesDebugToLogWriter (0.00s)
=== RUN   TestCommitService_Verbose_False_NoOutput
--- PASS: TestCommitService_Verbose_False_NoOutput (0.00s)
=== RUN   TestCommitService_Verbose_NilLogWriter_NoOutput
--- PASS: TestCommitService_Verbose_NilLogWriter_NoOutput (0.00s)
PASS
ok  	github.com/gitagenthq/git-agent/application	0.775s
=== RUN   TestCommitCmd_DryRunFlag
Error: error: no API key configured
hint: set --api-key flag, add api_key to ~/.config/git-agent/config.yml, or use an official release binary with a built-in key
--- PASS: TestCommitCmd_DryRunFlag (0.02s)
=== RUN   TestCommit_RenderBudgetExhausted
--- PASS: TestCommit_RenderBudgetExhausted (0.00s)
=== RUN   TestCommit_WiresConfigToConstructors
=== RUN   TestCommit_WiresConfigToConstructors/empty_config
=== RUN   TestCommit_WiresConfigToConstructors/nil_config
=== RUN   TestCommit_WiresConfigToConstructors/explicit_auto
--- PASS: TestCommit_WiresConfigToConstructors (0.02s)
    --- PASS: TestCommit_WiresConfigToConstructors/empty_config (0.00s)
    --- PASS: TestCommit_WiresConfigToConstructors/nil_config (0.00s)
    --- PASS: TestCommit_WiresConfigToConstructors/explicit_auto (0.00s)
=== RUN   TestCommit_RenderTimedOut
--- PASS: TestCommit_RenderTimedOut (0.00s)
=== RUN   TestCommitCmd_AllFlagRemoved
Error: unknown flag: --all
--- PASS: TestCommitCmd_AllFlagRemoved (0.00s)
=== RUN   TestInitCmd_ScopeFlag_NoAPIKey_ReturnsError
Error: error: no API key configured
hint: set --api-key flag or add api_key to ~/.config/git-agent/config.yml
--- PASS: TestInitCmd_ScopeFlag_NoAPIKey_ReturnsError (0.05s)
=== RUN   TestInitCmd_ScopeFlag_APIKeyFromCLI_ReachesLLM
Error: generating scopes: error: API authentication failed (401): Invalid Anthropic API Key
--- PASS: TestInitCmd_ScopeFlag_APIKeyFromCLI_ReachesLLM (1.46s)
=== RUN   TestInitCmd_ForceFlag_Recognized
Error: detecting technologies: error: API authentication failed (401): Invalid Anthropic API Key
--- PASS: TestInitCmd_ForceFlag_Recognized (0.95s)
=== RUN   TestInitCmd_BlocksWhenConfigExists
Error: .git-agent/config.yml already exists
hint: use --force to reinitialize
Error: .git-agent/config.yml already exists
hint: use --force to reinitialize
Error: .git-agent/config.yml already exists
hint: use --force to reinitialize
Error: detecting technologies: error: API authentication failed (401): Invalid Anthropic API Key
--- PASS: TestInitCmd_BlocksWhenConfigExists (0.64s)
=== RUN   TestVerboseFlag_Accepted
Error: no changes
--- PASS: TestVerboseFlag_Accepted (0.09s)
=== RUN   TestOutputContract_StdoutEmpty_OnError
Error: no changes
--- PASS: TestOutputContract_StdoutEmpty_OnError (0.07s)
=== RUN   TestVersionFlag_Accepted
dev
--- PASS: TestVersionFlag_Accepted (0.00s)
PASS
ok  	github.com/gitagenthq/git-agent/cmd	4.132s
=== RUN   TestPlannerBudgetExhausted_ErrorsIs
--- PASS: TestPlannerBudgetExhausted_ErrorsIs (0.00s)
=== RUN   TestPlannerBudgetExhausted_ErrorMessage
--- PASS: TestPlannerBudgetExhausted_ErrorMessage (0.00s)
=== RUN   TestPlannerBudgetExhausted_ErrorsAs_AfterWrap
--- PASS: TestPlannerBudgetExhausted_ErrorsAs_AfterWrap (0.00s)
=== RUN   TestValidateConventional
=== RUN   TestValidateConventional/valid_full_message
=== RUN   TestValidateConventional/valid_with_scope
=== RUN   TestValidateConventional/valid_breaking_change_bang
=== RUN   TestValidateConventional/valid_without_co-authored-by
=== RUN   TestValidateConventional/valid_all_lowercase_scope_with_numbers
=== RUN   TestValidateConventional/missing_type_prefix
=== RUN   TestValidateConventional/invalid_type
=== RUN   TestValidateConventional/missing_colon-space_separator
=== RUN   TestValidateConventional/uppercase_in_description
=== RUN   TestValidateConventional/title_exceeds_50_chars
=== RUN   TestValidateConventional/title_ends_with_period
=== RUN   TestValidateConventional/no_body_at_all
=== RUN   TestValidateConventional/only_header_with_blank_line
=== RUN   TestValidateConventional/body_not_separated_by_blank_line
=== RUN   TestValidateConventional/body_with_no_bullet_points
=== RUN   TestValidateConventional/body_line_exceeds_72_chars
=== RUN   TestValidateConventional/footer_line_allowed_to_exceed_72_chars
=== RUN   TestValidateConventional/no_explanation_after_bullets
=== RUN   TestValidateConventional/only_footer_after_bullets
=== RUN   TestValidateConventional/co-authored-by_missing_angle_brackets
=== RUN   TestValidateConventional/co-authored-by_missing_email
=== RUN   TestValidateConventional/description_past-tense_verb
=== RUN   TestValidateConventional/bullet_past-tense_verb
=== RUN   TestValidateConventional/signed-off-by_allowed_to_exceed_72_chars
=== RUN   TestValidateConventional/reviewed-by_allowed_to_exceed_72_chars
=== RUN   TestValidateConventional/custom_trailer_allowed_to_exceed_72_chars
=== RUN   TestValidateConventional/only_signed-off-by_after_bullets_is_not_explanation
=== RUN   TestValidateConventional/explanation_present_before_signed-off-by
--- PASS: TestValidateConventional (0.00s)
    --- PASS: TestValidateConventional/valid_full_message (0.00s)
    --- PASS: TestValidateConventional/valid_with_scope (0.00s)
    --- PASS: TestValidateConventional/valid_breaking_change_bang (0.00s)
    --- PASS: TestValidateConventional/valid_without_co-authored-by (0.00s)
    --- PASS: TestValidateConventional/valid_all_lowercase_scope_with_numbers (0.00s)
    --- PASS: TestValidateConventional/missing_type_prefix (0.00s)
    --- PASS: TestValidateConventional/invalid_type (0.00s)
    --- PASS: TestValidateConventional/missing_colon-space_separator (0.00s)
    --- PASS: TestValidateConventional/uppercase_in_description (0.00s)
    --- PASS: TestValidateConventional/title_exceeds_50_chars (0.00s)
    --- PASS: TestValidateConventional/title_ends_with_period (0.00s)
    --- PASS: TestValidateConventional/no_body_at_all (0.00s)
    --- PASS: TestValidateConventional/only_header_with_blank_line (0.00s)
    --- PASS: TestValidateConventional/body_not_separated_by_blank_line (0.00s)
    --- PASS: TestValidateConventional/body_with_no_bullet_points (0.00s)
    --- PASS: TestValidateConventional/body_line_exceeds_72_chars (0.00s)
    --- PASS: TestValidateConventional/footer_line_allowed_to_exceed_72_chars (0.00s)
    --- PASS: TestValidateConventional/no_explanation_after_bullets (0.00s)
    --- PASS: TestValidateConventional/only_footer_after_bullets (0.00s)
    --- PASS: TestValidateConventional/co-authored-by_missing_angle_brackets (0.00s)
    --- PASS: TestValidateConventional/co-authored-by_missing_email (0.00s)
    --- PASS: TestValidateConventional/description_past-tense_verb (0.00s)
    --- PASS: TestValidateConventional/bullet_past-tense_verb (0.00s)
    --- PASS: TestValidateConventional/signed-off-by_allowed_to_exceed_72_chars (0.00s)
    --- PASS: TestValidateConventional/reviewed-by_allowed_to_exceed_72_chars (0.00s)
    --- PASS: TestValidateConventional/custom_trailer_allowed_to_exceed_72_chars (0.00s)
    --- PASS: TestValidateConventional/only_signed-off-by_after_bullets_is_not_explanation (0.00s)
    --- PASS: TestValidateConventional/explanation_present_before_signed-off-by (0.00s)
=== RUN   TestValidateModelCoAuthor
=== RUN   TestValidateModelCoAuthor/anthropic_trailer_alongside_git_agent_passes
=== RUN   TestValidateModelCoAuthor/openai_trailer_alone_passes
=== RUN   TestValidateModelCoAuthor/google_trailer_alone_passes
=== RUN   TestValidateModelCoAuthor/case-insensitive_domain_match
=== RUN   TestValidateModelCoAuthor/case-insensitive_allow-list_entry
=== RUN   TestValidateModelCoAuthor/user-extended_domain_passes
=== RUN   TestValidateModelCoAuthor/only_git_agent_trailer_is_rejected
=== RUN   TestValidateModelCoAuthor/no_co-authored-by_at_all_is_rejected
=== RUN   TestValidateModelCoAuthor/human_co-author_with_non-listed_domain_rejected
=== RUN   TestValidateModelCoAuthor/malformed_co-authored-by_line_ignored,_sibling_valid_trailer_accepted
=== RUN   TestValidateModelCoAuthor/malformed_co-authored-by_line_alone_is_rejected
=== RUN   TestValidateModelCoAuthor/empty_allow-list_rejects_every_commit
=== RUN   TestValidateModelCoAuthor/whitespace-only_allow-list_entries_are_dropped
=== RUN   TestValidateModelCoAuthor/subdomain_does_not_satisfy_parent_domain_entry
=== RUN   TestValidateModelCoAuthor/multiple_trailers_—_any_single_match_passes
--- PASS: TestValidateModelCoAuthor (0.00s)
    --- PASS: TestValidateModelCoAuthor/anthropic_trailer_alongside_git_agent_passes (0.00s)
    --- PASS: TestValidateModelCoAuthor/openai_trailer_alone_passes (0.00s)
    --- PASS: TestValidateModelCoAuthor/google_trailer_alone_passes (0.00s)
    --- PASS: TestValidateModelCoAuthor/case-insensitive_domain_match (0.00s)
    --- PASS: TestValidateModelCoAuthor/case-insensitive_allow-list_entry (0.00s)
    --- PASS: TestValidateModelCoAuthor/user-extended_domain_passes (0.00s)
    --- PASS: TestValidateModelCoAuthor/only_git_agent_trailer_is_rejected (0.00s)
    --- PASS: TestValidateModelCoAuthor/no_co-authored-by_at_all_is_rejected (0.00s)
    --- PASS: TestValidateModelCoAuthor/human_co-author_with_non-listed_domain_rejected (0.00s)
    --- PASS: TestValidateModelCoAuthor/malformed_co-authored-by_line_ignored,_sibling_valid_trailer_accepted (0.00s)
    --- PASS: TestValidateModelCoAuthor/malformed_co-authored-by_line_alone_is_rejected (0.00s)
    --- PASS: TestValidateModelCoAuthor/empty_allow-list_rejects_every_commit (0.00s)
    --- PASS: TestValidateModelCoAuthor/whitespace-only_allow-list_entries_are_dropped (0.00s)
    --- PASS: TestValidateModelCoAuthor/subdomain_does_not_satisfy_parent_domain_entry (0.00s)
    --- PASS: TestValidateModelCoAuthor/multiple_trailers_—_any_single_match_passes (0.00s)
=== RUN   TestHasModelCoAuthor
=== RUN   TestHasModelCoAuthor/matching_anthropic_trailer
=== RUN   TestHasModelCoAuthor/git_agent_trailer_alone_is_not_enough
=== RUN   TestHasModelCoAuthor/matching_trailer_alongside_git_agent
=== RUN   TestHasModelCoAuthor/case-insensitive_Key_(co-authored-by)
=== RUN   TestHasModelCoAuthor/case-insensitive_domain_in_value
=== RUN   TestHasModelCoAuthor/user-extended_domain
=== RUN   TestHasModelCoAuthor/non-allow-listed_domain
=== RUN   TestHasModelCoAuthor/non-co-author_trailer_ignored
=== RUN   TestHasModelCoAuthor/value_missing_email_returns_false
=== RUN   TestHasModelCoAuthor/empty_trailers_returns_false
=== RUN   TestHasModelCoAuthor/empty_allow-list_returns_false_even_with_matching_trailer
=== RUN   TestHasModelCoAuthor/subdomain_does_not_satisfy_parent_entry
--- PASS: TestHasModelCoAuthor (0.00s)
    --- PASS: TestHasModelCoAuthor/matching_anthropic_trailer (0.00s)
    --- PASS: TestHasModelCoAuthor/git_agent_trailer_alone_is_not_enough (0.00s)
    --- PASS: TestHasModelCoAuthor/matching_trailer_alongside_git_agent (0.00s)
    --- PASS: TestHasModelCoAuthor/case-insensitive_Key_(co-authored-by) (0.00s)
    --- PASS: TestHasModelCoAuthor/case-insensitive_domain_in_value (0.00s)
    --- PASS: TestHasModelCoAuthor/user-extended_domain (0.00s)
    --- PASS: TestHasModelCoAuthor/non-allow-listed_domain (0.00s)
    --- PASS: TestHasModelCoAuthor/non-co-author_trailer_ignored (0.00s)
    --- PASS: TestHasModelCoAuthor/value_missing_email_returns_false (0.00s)
    --- PASS: TestHasModelCoAuthor/empty_trailers_returns_false (0.00s)
    --- PASS: TestHasModelCoAuthor/empty_allow-list_returns_false_even_with_matching_trailer (0.00s)
    --- PASS: TestHasModelCoAuthor/subdomain_does_not_satisfy_parent_entry (0.00s)
=== RUN   TestValidateConventional_ScopeWhitelist
=== RUN   TestValidateConventional_ScopeWhitelist/allowed_scope_passes
=== RUN   TestValidateConventional_ScopeWhitelist/disallowed_scope_blocked
=== RUN   TestValidateConventional_ScopeWhitelist/no_scope_passes_when_scopes_configured
=== RUN   TestValidateConventional_ScopeWhitelist/any_scope_passes_when_no_scopes_configured
=== RUN   TestValidateConventional_ScopeWhitelist/any_scope_passes_with_empty_scopes_slice
--- PASS: TestValidateConventional_ScopeWhitelist (0.00s)
    --- PASS: TestValidateConventional_ScopeWhitelist/allowed_scope_passes (0.00s)
    --- PASS: TestValidateConventional_ScopeWhitelist/disallowed_scope_blocked (0.00s)
    --- PASS: TestValidateConventional_ScopeWhitelist/no_scope_passes_when_scopes_configured (0.00s)
    --- PASS: TestValidateConventional_ScopeWhitelist/any_scope_passes_when_no_scopes_configured (0.00s)
    --- PASS: TestValidateConventional_ScopeWhitelist/any_scope_passes_with_empty_scopes_slice (0.00s)
PASS
ok  	github.com/gitagenthq/git-agent/domain/commit	4.020s
=== RUN   TestPatternFilter_excludesLockFiles
--- PASS: TestPatternFilter_excludesLockFiles (0.00s)
=== RUN   TestPatternFilter_excludesBinaryFiles
--- PASS: TestPatternFilter_excludesBinaryFiles (0.00s)
=== RUN   TestPatternFilter_mixedFiles
--- PASS: TestPatternFilter_mixedFiles (0.00s)
=== RUN   TestPatternFilter_allFiltered_keepsFiles_emptyLLMContent
--- PASS: TestPatternFilter_allFiltered_keepsFiles_emptyLLMContent (0.00s)
PASS
ok  	github.com/gitagenthq/git-agent/domain/diff	1.691s
?   	github.com/gitagenthq/git-agent/domain/gitignore	[no test files]
?   	github.com/gitagenthq/git-agent/domain/hook	[no test files]
?   	github.com/gitagenthq/git-agent/domain/project	[no test files]
=== RUN   TestCommitCmd_NoAPIKey_Returns1
--- PASS: TestCommitCmd_NoAPIKey_Returns1 (3.20s)
=== RUN   TestCommitCmd_NoChanges_Returns1
--- PASS: TestCommitCmd_NoChanges_Returns1 (0.09s)
=== RUN   TestCommitCmd_AllFlagRemoved
--- PASS: TestCommitCmd_AllFlagRemoved (0.01s)
=== RUN   TestCommitCmd_DryRunFlag_Accepted
--- PASS: TestCommitCmd_DryRunFlag_Accepted (0.01s)
=== RUN   TestCommitCmd_IntentFlag_Accepted
--- PASS: TestCommitCmd_IntentFlag_Accepted (0.01s)
=== RUN   TestAddCmd_Removed
--- PASS: TestAddCmd_Removed (0.04s)
=== RUN   TestCommitCmd_TrailerFlag_Accepted
--- PASS: TestCommitCmd_TrailerFlag_Accepted (0.01s)
=== RUN   TestCommitCmd_InvalidTrailerFormat_Returns1
--- PASS: TestCommitCmd_InvalidTrailerFormat_Returns1 (0.08s)
=== RUN   TestCommitCmd_NoStageFlag_Accepted
--- PASS: TestCommitCmd_NoStageFlag_Accepted (0.01s)
=== RUN   TestCommitCmd_AmendFlag_Accepted
--- PASS: TestCommitCmd_AmendFlag_Accepted (0.01s)
=== RUN   TestCommitCmd_SIGINTCancels
--- PASS: TestCommitCmd_SIGINTCancels (0.17s)
=== RUN   TestCommitCmd_SmallDiffRegression
--- PASS: TestCommitCmd_SmallDiffRegression (0.19s)
=== RUN   TestCommitCmd_AmendAndNoStage_MutuallyExclusive
--- PASS: TestCommitCmd_AmendAndNoStage_MutuallyExclusive (0.04s)
=== RUN   TestConfigShowCmd_Runs
--- PASS: TestConfigShowCmd_Runs (0.06s)
=== RUN   TestConfigSet_ProjectScope
--- PASS: TestConfigSet_ProjectScope (0.05s)
=== RUN   TestConfigSet_LocalScope
--- PASS: TestConfigSet_LocalScope (0.05s)
=== RUN   TestConfigSet_RejectsProviderKeyInProject
--- PASS: TestConfigSet_RejectsProviderKeyInProject (0.04s)
=== RUN   TestConfigSet_DefaultScopeForProviderKey
--- PASS: TestConfigSet_DefaultScopeForProviderKey (0.04s)
=== RUN   TestConfigGet_ProjectScope
--- PASS: TestConfigGet_ProjectScope (0.06s)
=== RUN   TestConfigGet_LocalOverridesProject
--- PASS: TestConfigGet_LocalOverridesProject (0.05s)
=== RUN   TestConfigGet_NotSet
--- PASS: TestConfigGet_NotSet (0.05s)
=== RUN   TestConfigGet_UnknownKey
--- PASS: TestConfigGet_UnknownKey (0.04s)
=== RUN   TestInitGitignoreFlag_NoAPIKey_Fails
--- PASS: TestInitGitignoreFlag_NoAPIKey_Fails (0.07s)
=== RUN   TestInitGitignoreFlag_NotGitRepo_Fails
--- PASS: TestInitGitignoreFlag_NotGitRepo_Fails (0.05s)
=== RUN   TestInitGitignoreFlag_ForceFlag_Recognized
--- PASS: TestInitGitignoreFlag_ForceFlag_Recognized (0.07s)
=== RUN   TestInitGitignoreFlag_DoesNotBreakConfigSet
--- PASS: TestInitGitignoreFlag_DoesNotBreakConfigSet (0.05s)
=== RUN   TestInitCmd_ScopeFlag_NoAPIKey_Fails
--- PASS: TestInitCmd_ScopeFlag_NoAPIKey_Fails (0.08s)
=== RUN   TestInitCmd_HookAndScope_BothTogether_ScopeFails
--- PASS: TestInitCmd_HookAndScope_BothTogether_ScopeFails (0.09s)
=== RUN   TestInitCmd_MaxCommitsFlag_Recognized
--- PASS: TestInitCmd_MaxCommitsFlag_Recognized (0.08s)
=== RUN   TestInitCmd_ForceFlag_Recognized
--- PASS: TestInitCmd_ForceFlag_Recognized (0.08s)
=== RUN   TestConfigSet_Hook_WritesProjectConfig
--- PASS: TestConfigSet_Hook_WritesProjectConfig (0.05s)
=== RUN   TestConfigSet_Hook_Empty
--- PASS: TestConfigSet_Hook_Empty (0.06s)
=== RUN   TestConfigSet_HookScript_CopiesFile
--- PASS: TestConfigSet_HookScript_CopiesFile (0.06s)
=== RUN   TestConfigSet_HookScript_FileNotFound_Fails
--- PASS: TestConfigSet_HookScript_FileNotFound_Fails (0.06s)
PASS
ok  	github.com/gitagenthq/git-agent/e2e	8.415s
=== RUN   TestConventionalHook
=== RUN   TestConventionalHook/valid_full_message
=== RUN   TestConventionalHook/scoped_fix_with_full_body
=== RUN   TestConventionalHook/breaking_bang
=== RUN   TestConventionalHook/breaking_bang_scoped
=== RUN   TestConventionalHook/without_co-authored-by
=== RUN   TestConventionalHook/no_co-authored-by_footer
=== RUN   TestConventionalHook/body_with_BREAKING_CHANGE_footer
=== RUN   TestConventionalHook/body_with_BREAKING-CHANGE_footer
=== RUN   TestConventionalHook/missing_type
=== RUN   TestConventionalHook/missing_colon_space
=== RUN   TestConventionalHook/empty_description
=== RUN   TestConventionalHook/invalid_type
=== RUN   TestConventionalHook/body_no_blank_line
=== RUN   TestConventionalHook/uppercase_description
=== RUN   TestConventionalHook/title_too_long
=== RUN   TestConventionalHook/title_ends_with_period
=== RUN   TestConventionalHook/header_only
=== RUN   TestConventionalHook/body_no_bullets
=== RUN   TestConventionalHook/body_line_too_long
=== RUN   TestConventionalHook/no_explanation_after_bullets
=== RUN   TestConventionalHook/malformed_co-authored-by
--- PASS: TestConventionalHook (2.84s)
    --- PASS: TestConventionalHook/valid_full_message (0.51s)
    --- PASS: TestConventionalHook/scoped_fix_with_full_body (0.09s)
    --- PASS: TestConventionalHook/breaking_bang (0.10s)
    --- PASS: TestConventionalHook/breaking_bang_scoped (0.09s)
    --- PASS: TestConventionalHook/without_co-authored-by (0.09s)
    --- PASS: TestConventionalHook/no_co-authored-by_footer (0.10s)
    --- PASS: TestConventionalHook/body_with_BREAKING_CHANGE_footer (0.10s)
    --- PASS: TestConventionalHook/body_with_BREAKING-CHANGE_footer (0.10s)
    --- PASS: TestConventionalHook/missing_type (0.08s)
    --- PASS: TestConventionalHook/missing_colon_space (0.08s)
    --- PASS: TestConventionalHook/empty_description (0.10s)
    --- PASS: TestConventionalHook/invalid_type (0.10s)
    --- PASS: TestConventionalHook/body_no_blank_line (0.14s)
    --- PASS: TestConventionalHook/uppercase_description (0.16s)
    --- PASS: TestConventionalHook/title_too_long (0.19s)
    --- PASS: TestConventionalHook/title_ends_with_period (0.17s)
    --- PASS: TestConventionalHook/header_only (0.11s)
    --- PASS: TestConventionalHook/body_no_bullets (0.12s)
    --- PASS: TestConventionalHook/body_line_too_long (0.12s)
    --- PASS: TestConventionalHook/no_explanation_after_bullets (0.12s)
    --- PASS: TestConventionalHook/malformed_co-authored-by (0.17s)
PASS
ok  	github.com/gitagenthq/git-agent/hooks	4.100s
=== RUN   TestLoadProjectConfig_RequireModelCoAuthor_True
--- PASS: TestLoadProjectConfig_RequireModelCoAuthor_True (0.00s)
=== RUN   TestLoadProjectConfig_RequireModelCoAuthor_DefaultFalse
--- PASS: TestLoadProjectConfig_RequireModelCoAuthor_DefaultFalse (0.00s)
=== RUN   TestLoadProjectConfig_ModelCoAuthorDomains_Roundtrip
--- PASS: TestLoadProjectConfig_ModelCoAuthorDomains_Roundtrip (0.00s)
=== RUN   TestLoadProjectConfig_LocalOverridesProject
--- PASS: TestLoadProjectConfig_LocalOverridesProject (0.00s)
=== RUN   TestLoadProjectConfig_AllZero_ReturnsNil
--- PASS: TestLoadProjectConfig_AllZero_ReturnsNil (0.00s)
=== RUN   TestKeyRegistry_RequireModelCoAuthor_AllScopes
--- PASS: TestKeyRegistry_RequireModelCoAuthor_AllScopes (0.00s)
=== RUN   TestKeyRegistry_ModelCoAuthorDomains_AllScopes
--- PASS: TestKeyRegistry_ModelCoAuthorDomains_AllScopes (0.00s)
=== RUN   TestLoadProjectConfig_PlanFallback_Heuristic
--- PASS: TestLoadProjectConfig_PlanFallback_Heuristic (0.00s)
=== RUN   TestLoadProjectConfig_PlanFallback_None
--- PASS: TestLoadProjectConfig_PlanFallback_None (0.00s)
=== RUN   TestLoadProjectConfig_PlanFallback_AbsentIsZero
--- PASS: TestLoadProjectConfig_PlanFallback_AbsentIsZero (0.00s)
=== RUN   TestLoadProjectConfig_PlanFallback_LocalOverridesProject
--- PASS: TestLoadProjectConfig_PlanFallback_LocalOverridesProject (0.00s)
=== RUN   TestProjectConfig_PlanFallbackConstants
--- PASS: TestProjectConfig_PlanFallbackConstants (0.00s)
=== RUN   TestResolveKey_KebabAliases
--- PASS: TestResolveKey_KebabAliases (0.00s)
=== RUN   TestResolve_FlagAPIKeyTakesPrecedenceOverFile
--- PASS: TestResolve_FlagAPIKeyTakesPrecedenceOverFile (0.02s)
=== RUN   TestResolve_FileAPIKeyUsedWhenNoFlag
--- PASS: TestResolve_FileAPIKeyUsedWhenNoFlag (0.02s)
=== RUN   TestResolve_ZeroConfigUsesDefaults
--- PASS: TestResolve_ZeroConfigUsesDefaults (0.02s)
=== RUN   TestResolve_FlagModelOverridesFile
--- PASS: TestResolve_FlagModelOverridesFile (0.02s)
=== RUN   TestResolve_EnvVarExpandedInAPIKey
--- PASS: TestResolve_EnvVarExpandedInAPIKey (0.02s)
=== RUN   TestResolve_EnvVarExpandedInBaseURL
--- PASS: TestResolve_EnvVarExpandedInBaseURL (0.02s)
=== RUN   TestResolve_UnsetEnvVarExpandsToEmpty
--- PASS: TestResolve_UnsetEnvVarExpandsToEmpty (0.02s)
=== RUN   TestResolve_FreeModeUsesBuildTimeCredentials
--- PASS: TestResolve_FreeModeUsesBuildTimeCredentials (0.00s)
=== RUN   TestResolve_FlagBaseURLOverridesFile
--- PASS: TestResolve_FlagBaseURLOverridesFile (0.02s)
=== RUN   TestKeyRegistry_RequestTimeout_UserScopeOnly
--- PASS: TestKeyRegistry_RequestTimeout_UserScopeOnly (0.00s)
=== RUN   TestKeyRegistry_HeartbeatInterval_UserScopeOnly
--- PASS: TestKeyRegistry_HeartbeatInterval_UserScopeOnly (0.00s)
=== RUN   TestKeyRegistry_PlanFallback_ProjectAndLocal
--- PASS: TestKeyRegistry_PlanFallback_ProjectAndLocal (0.00s)
=== RUN   TestResolveKey_NewKebabAliases
--- PASS: TestResolveKey_NewKebabAliases (0.00s)
=== RUN   TestResolve_RequestTimeoutAndHeartbeatFromFile
--- PASS: TestResolve_RequestTimeoutAndHeartbeatFromFile (0.02s)
=== RUN   TestResolve_RequestTimeoutAndHeartbeatDefaults
--- PASS: TestResolve_RequestTimeoutAndHeartbeatDefaults (0.02s)
=== RUN   TestResolve_FlagOverridesFileForTimeoutAndHeartbeat
--- PASS: TestResolve_FlagOverridesFileForTimeoutAndHeartbeat (0.02s)
=== RUN   TestResolve_DefaultsWhenZeroConfig
--- PASS: TestResolve_DefaultsWhenZeroConfig (0.02s)
PASS
ok  	github.com/gitagenthq/git-agent/infrastructure/config	4.755s
=== RUN   TestTruncate_WithinBothLimits_Unchanged
--- PASS: TestTruncate_WithinBothLimits_Unchanged (0.00s)
=== RUN   TestTruncate_LineCap
--- PASS: TestTruncate_LineCap (0.00s)
=== RUN   TestTruncate_ByteCap_LongLinesUnderLineCap
--- PASS: TestTruncate_ByteCap_LongLinesUnderLineCap (0.00s)
=== RUN   TestTruncate_LineAndByteCapTogether
--- PASS: TestTruncate_LineAndByteCapTogether (0.00s)
=== RUN   TestTruncate_SingleOversizedLine_ValidUTF8
--- PASS: TestTruncate_SingleOversizedLine_ValidUTF8 (0.00s)
=== RUN   TestTruncate_MidStringInvalidUTF8_NoHang
--- PASS: TestTruncate_MidStringInvalidUTF8_NoHang (0.00s)
=== RUN   TestTruncate_DisabledCaps_NoOp
--- PASS: TestTruncate_DisabledCaps_NoOp (0.00s)
PASS
ok  	github.com/gitagenthq/git-agent/infrastructure/diff	3.525s
=== RUN   TestGitUnquote
=== RUN   TestGitUnquote/passthrough_unquoted
=== RUN   TestGitUnquote/strips_quotes
=== RUN   TestGitUnquote/unescape_backslash
=== RUN   TestGitUnquote/unescape_double_quote
=== RUN   TestGitUnquote/unescape_tab
=== RUN   TestGitUnquote/unescape_newline
=== RUN   TestGitUnquote/octal_UTF-8_sequence
=== RUN   TestGitUnquote/empty_quoted_string
=== RUN   TestGitUnquote/not_quoted_-_only_opening_quote
--- PASS: TestGitUnquote (0.00s)
    --- PASS: TestGitUnquote/passthrough_unquoted (0.00s)
    --- PASS: TestGitUnquote/strips_quotes (0.00s)
    --- PASS: TestGitUnquote/unescape_backslash (0.00s)
    --- PASS: TestGitUnquote/unescape_double_quote (0.00s)
    --- PASS: TestGitUnquote/unescape_tab (0.00s)
    --- PASS: TestGitUnquote/unescape_newline (0.00s)
    --- PASS: TestGitUnquote/octal_UTF-8_sequence (0.00s)
    --- PASS: TestGitUnquote/empty_quoted_string (0.00s)
    --- PASS: TestGitUnquote/not_quoted_-_only_opening_quote (0.00s)
=== RUN   TestClient_StagedDiffNumStat
--- PASS: TestClient_StagedDiffNumStat (0.47s)
=== RUN   TestParseNameStatus
=== RUN   TestParseNameStatus/modified_file
=== RUN   TestParseNameStatus/added_file
=== RUN   TestParseNameStatus/deleted_file
=== RUN   TestParseNameStatus/rename_emits_both_paths
=== RUN   TestParseNameStatus/copy_emits_both_paths
=== RUN   TestParseNameStatus/mixed_lines
=== RUN   TestParseNameStatus/quoted_path
=== RUN   TestParseNameStatus/deduplication
=== RUN   TestParseNameStatus/empty_input_returns_nil
--- PASS: TestParseNameStatus (0.00s)
    --- PASS: TestParseNameStatus/modified_file (0.00s)
    --- PASS: TestParseNameStatus/added_file (0.00s)
    --- PASS: TestParseNameStatus/deleted_file (0.00s)
    --- PASS: TestParseNameStatus/rename_emits_both_paths (0.00s)
    --- PASS: TestParseNameStatus/copy_emits_both_paths (0.00s)
    --- PASS: TestParseNameStatus/mixed_lines (0.00s)
    --- PASS: TestParseNameStatus/quoted_path (0.00s)
    --- PASS: TestParseNameStatus/deduplication (0.00s)
    --- PASS: TestParseNameStatus/empty_input_returns_nil (0.00s)
PASS
ok  	github.com/gitagenthq/git-agent/infrastructure/git	3.444s
=== RUN   TestToptalClient_Generate_Success
--- PASS: TestToptalClient_Generate_Success (0.00s)
=== RUN   TestToptalClient_Generate_NoTechnologies
--- PASS: TestToptalClient_Generate_NoTechnologies (0.00s)
=== RUN   TestToptalClient_Generate_ServerError
--- PASS: TestToptalClient_Generate_ServerError (0.00s)
PASS
ok  	github.com/gitagenthq/git-agent/infrastructure/gitignore	5.016s
=== RUN   TestCompositeExecutor_ValidMessage_NoShellHook
--- PASS: TestCompositeExecutor_ValidMessage_NoShellHook (0.00s)
=== RUN   TestCompositeExecutor_InvalidMessage_Blocked
--- PASS: TestCompositeExecutor_InvalidMessage_Blocked (0.00s)
=== RUN   TestCompositeExecutor_InvalidMessage_StderrContainsErrors
--- PASS: TestCompositeExecutor_InvalidMessage_StderrContainsErrors (0.00s)
=== RUN   TestCompositeExecutor_Empty_PassesWithoutValidation
--- PASS: TestCompositeExecutor_Empty_PassesWithoutValidation (0.00s)
=== RUN   TestCompositeExecutor_NilSlice_PassesWithoutValidation
--- PASS: TestCompositeExecutor_NilSlice_PassesWithoutValidation (0.00s)
=== RUN   TestCompositeExecutor_EmptySlice_PassesWithoutValidation
--- PASS: TestCompositeExecutor_EmptySlice_PassesWithoutValidation (0.00s)
=== RUN   TestCompositeExecutor_ValidMessage_ShellHookBlocks
--- PASS: TestCompositeExecutor_ValidMessage_ShellHookBlocks (1.84s)
=== RUN   TestCompositeExecutor_ValidMessage_ShellHookPasses
--- PASS: TestCompositeExecutor_ValidMessage_ShellHookPasses (0.39s)
=== RUN   TestCompositeExecutor_WarningsOnly_Passes
--- PASS: TestCompositeExecutor_WarningsOnly_Passes (0.00s)
=== RUN   TestCompositeExecutor_MultipleHooks_ConventionalThenShell
--- PASS: TestCompositeExecutor_MultipleHooks_ConventionalThenShell (0.20s)
=== RUN   TestCompositeExecutor_MultipleHooks_FirstFails
--- PASS: TestCompositeExecutor_MultipleHooks_FirstFails (0.00s)
=== RUN   TestCompositeExecutor_ScopeWhitelist_Blocked
--- PASS: TestCompositeExecutor_ScopeWhitelist_Blocked (0.00s)
=== RUN   TestCompositeExecutor_RequireModelCoAuthor_OnlyGitAgentBlocks
--- PASS: TestCompositeExecutor_RequireModelCoAuthor_OnlyGitAgentBlocks (0.00s)
=== RUN   TestCompositeExecutor_RequireModelCoAuthor_AnthropicTrailerPasses
--- PASS: TestCompositeExecutor_RequireModelCoAuthor_AnthropicTrailerPasses (0.00s)
=== RUN   TestCompositeExecutor_RequireModelCoAuthor_UserExtendedDomainPasses
--- PASS: TestCompositeExecutor_RequireModelCoAuthor_UserExtendedDomainPasses (0.00s)
=== RUN   TestCompositeExecutor_RequireModelCoAuthor_RunsWithEmptyHooks
--- PASS: TestCompositeExecutor_RequireModelCoAuthor_RunsWithEmptyHooks (0.00s)
=== RUN   TestCompositeExecutor_RequireModelCoAuthor_DefaultFalseSkipsCheck
--- PASS: TestCompositeExecutor_RequireModelCoAuthor_DefaultFalseSkipsCheck (0.00s)
=== RUN   TestCompositeExecutor_RequireModelCoAuthor_ShellHookSkipsWhenPreCheckBlocks
--- PASS: TestCompositeExecutor_RequireModelCoAuthor_ShellHookSkipsWhenPreCheckBlocks (0.00s)
=== RUN   TestCompositeExecutor_ScopeWhitelist_Allowed
--- PASS: TestCompositeExecutor_ScopeWhitelist_Allowed (0.00s)
=== RUN   TestExecute_HookPasses
--- PASS: TestExecute_HookPasses (0.20s)
=== RUN   TestExecute_HookBlocks
--- PASS: TestExecute_HookBlocks (0.65s)
=== RUN   TestExecute_HookDoesNotExist
--- PASS: TestExecute_HookDoesNotExist (0.00s)
=== RUN   TestExecute_HookNotExecutable
--- PASS: TestExecute_HookNotExecutable (0.00s)
=== RUN   TestExecute_JSONPayloadStructure
--- PASS: TestExecute_JSONPayloadStructure (0.41s)
PASS
ok  	github.com/gitagenthq/git-agent/infrastructure/hook	8.787s
=== RUN   TestClassifyAPIError_RateLimit
--- PASS: TestClassifyAPIError_RateLimit (0.00s)
=== RUN   TestClassifyAPIError_Unauthorized
--- PASS: TestClassifyAPIError_Unauthorized (0.00s)
=== RUN   TestClassifyAPIError_BadRequest
--- PASS: TestClassifyAPIError_BadRequest (0.00s)
=== RUN   TestClassifyAPIError_NotFound
--- PASS: TestClassifyAPIError_NotFound (0.00s)
=== RUN   TestClassifyAPIError_ServerError_ReturnsNil
--- PASS: TestClassifyAPIError_ServerError_ReturnsNil (0.00s)
=== RUN   TestClassifyAPIError_502_ReturnsNil
--- PASS: TestClassifyAPIError_502_ReturnsNil (0.00s)
=== RUN   TestClassifyAPIError_RequestError_RateLimit
--- PASS: TestClassifyAPIError_RequestError_RateLimit (0.00s)
=== RUN   TestClassifyAPIError_RequestError_ServerError_ReturnsNil
--- PASS: TestClassifyAPIError_RequestError_ServerError_ReturnsNil (0.00s)
=== RUN   TestClassifyAPIError_GenericError_ReturnsNil
--- PASS: TestClassifyAPIError_GenericError_ReturnsNil (0.00s)
=== RUN   TestClassifyAPIError_WrappedAPIError
--- PASS: TestClassifyAPIError_WrappedAPIError (0.00s)
=== RUN   TestDetectResponseError_ErrorJSON
--- PASS: TestDetectResponseError_ErrorJSON (0.00s)
=== RUN   TestDetectResponseError_ValidPlanJSON
--- PASS: TestDetectResponseError_ValidPlanJSON (0.00s)
=== RUN   TestDetectResponseError_PlainText
--- PASS: TestDetectResponseError_PlainText (0.00s)
=== RUN   TestDetectResponseError_EmptyErrorMessage
--- PASS: TestDetectResponseError_EmptyErrorMessage (0.00s)
=== RUN   TestDetectResponseError_EmptyString
--- PASS: TestDetectResponseError_EmptyString (0.00s)
=== RUN   TestAPIError_UnwrapsWithErrorsAs
--- PASS: TestAPIError_UnwrapsWithErrorsAs (0.00s)
=== RUN   TestClient_PerAttemptTimeout
--- PASS: TestClient_PerAttemptTimeout (1.00s)
=== RUN   TestClient_TimeoutReturnsTypedError
--- PASS: TestClient_TimeoutReturnsTypedError (0.75s)
=== RUN   TestClient_HeartbeatTicks
--- PASS: TestClient_HeartbeatTicks (0.35s)
=== RUN   TestClient_HeartbeatNoSecretLeakage
--- PASS: TestClient_HeartbeatNoSecretLeakage (0.20s)
=== RUN   TestClient_HeartbeatNoOpWhenOutNil
--- PASS: TestClient_HeartbeatNoOpWhenOutNil (0.05s)
=== RUN   TestClient_RequestTimeoutDefaultsTo90s
--- PASS: TestClient_RequestTimeoutDefaultsTo90s (0.00s)
=== RUN   TestClient_TokenCeiling
--- PASS: TestClient_TokenCeiling (0.00s)
=== RUN   TestStallHandler_DoesStall
--- PASS: TestStallHandler_DoesStall (0.20s)
=== RUN   TestUnmarshalLLMJSON_WrappedObject
--- PASS: TestUnmarshalLLMJSON_WrappedObject (0.00s)
=== RUN   TestUnmarshalLLMJSON_BareObjectArray
--- PASS: TestUnmarshalLLMJSON_BareObjectArray (0.00s)
=== RUN   TestUnmarshalLLMJSON_BareStringArray
--- PASS: TestUnmarshalLLMJSON_BareStringArray (0.00s)
=== RUN   TestUnmarshalLLMJSON_BareGroupsArray
--- PASS: TestUnmarshalLLMJSON_BareGroupsArray (0.00s)
=== RUN   TestUnmarshalLLMJSON_BareStringTechnologies
--- PASS: TestUnmarshalLLMJSON_BareStringTechnologies (0.00s)
=== RUN   TestUnmarshalLLMJSON_SurroundingText
--- PASS: TestUnmarshalLLMJSON_SurroundingText (0.00s)
=== RUN   TestUnmarshalLLMJSON_NoWrapKey
--- PASS: TestUnmarshalLLMJSON_NoWrapKey (0.00s)
=== RUN   TestUnmarshalLLMJSON_InvalidJSON
--- PASS: TestUnmarshalLLMJSON_InvalidJSON (0.00s)
PASS
ok  	github.com/gitagenthq/git-agent/infrastructure/openai	6.785s
?   	github.com/gitagenthq/git-agent/pkg/errors	[no test files]
=== RUN   TestIsFiltered_lockFiles
--- PASS: TestIsFiltered_lockFiles (0.00s)
=== RUN   TestIsFiltered_binaryFiles
--- PASS: TestIsFiltered_binaryFiles (0.00s)
=== RUN   TestIsFiltered_notFiltered
--- PASS: TestIsFiltered_notFiltered (0.00s)
PASS
ok  	github.com/gitagenthq/git-agent/pkg/filter	3.453s
